// Jest Snapshot v1, https://goo.gl/fbAQLP

exports[`Pruebas en <AppRouter /> debe de mostrar el componente marvel si est√° autenticado 1`] = `
Array [
  <nav
    className="navbar navbar-expand-sm navbar-dark bg-dark"
  >
    <a
      className="navbar-brand"
      href="/"
      onClick={[Function]}
    >
      Asociaciones
    </a>
    <div
      className="navbar-collapse"
    >
      <div
        className="navbar-nav"
      >
        <a
          aria-current={null}
          className="nav-item nav-link"
          href="/marvel"
          onClick={[Function]}
        >
          Marvel
        </a>
        <a
          aria-current={null}
          className="nav-item nav-link"
          href="/dc"
          onClick={[Function]}
        >
          DC
        </a>
      </div>
    </div>
    <div
      className="navbar-collapse collapse w-100 order-3 dual-collapse2"
    >
      <ul
        className="navbar-nav ml-auto"
      >
        <a
          aria-current={null}
          className="nav-item nav-link"
          href="/search"
          onClick={[Function]}
        >
          Search
        </a>
      </ul>
    </div>
    <div
      className="navbar-collapse collapse w-100 order-3 dual-collapse2"
    >
      <ul
        className="navbar-nav ml-auto"
      >
        <span
          className="nav-item nav-link text-info"
        >
          Hello Ivan
        </span>
        <button
          className="nav-item nav-link btn"
          onClick={[Function]}
          type="button"
        >
          Logout
        </button>
      </ul>
    </div>
  </nav>,
  <div />,
]
`;

exports[`Pruebas en <AppRouter /> debe de mostrar el login si no esta autenticado 1`] = `
<div
  className="container mt-5 border"
>
  <h1>
    Login
  </h1>
  <button
    className="btn btn-primary"
    onClick={[Function]}
    type="button"
  >
    Login
  </button>
</div>
`;
